
 RUN  v2.1.1 /home/shay/a/kumar565/ece461/ECE-461-Project-Repo
      Coverage enabled with istanbul

 ✓ test/maintainer.test.ts > Test1 for maintainer calculator : https://www.npmjs.com/package/wat4hjs
 ✓ test/maintainer.test.ts > Test2 for maintainer calculator : https://github.com/mrdoob/three.js/
 ✓ test/maintainer.test.ts > Test3 for maintainer calculator : https://github.com/facebook/react/
 ✓ test/maintainer.test.ts > Test4 for maintainer calculator : https://www.npmjs.com/package/socket.io
 ✓ test/metric_manager.test.ts > Calculates metrics in parallel
 ✓ test/metric_manager.test.ts > Calculates bus factor
 ✓ test/bus_factor.test.js > Test1 for bus factor 
 ✓ test/license.test.ts > Test for license
 ✓ test/license.test.ts > Test for license
 ✓ test/license.test.ts > Test for license
 ✓ test/git_utils.test.js > isGithubTokenValid > should return true for a valid token
 ✓ test/git_utils.test.js > isGithubTokenValid > should return false for an invalid token
 ✓ test/git_utils.test.js > cloneRepository > should clone the repository successfully
 ✓ test/git_utils.test.js > cloneRepository > should throw an error if cloning fails
 ✓ test/gitAPIhandler.test.js > gitAPIHandler > should initialize with correct owner and repo
 ✓ test/gitAPIhandler.test.js > gitAPIHandler > should return repo details
 ✓ test/gitAPIhandler.test.js > gitAPIHandler > should return commit history
 ✓ test/gitAPIhandler.test.js > gitAPIHandler > should return README content
 ✓ test/gitAPIhandler.test.js > gitAPIHandler > should return issues
 ✓ test/gitAPIhandler.test.js > gitAPIHandler > should return pull requests
 ✓ test/gitAPIhandler.test.js > gitAPIHandler > should return contributors
 ✓ test/gitAPIhandler.test.js > gitAPIHandler > should fetch all files
 ✓ test/gitAPIhandler.test.js > gitAPIHandler > should fetch file content
 ✓ test/bus_factor.test.js > Test2 for bus factor 
 ✓ test/bus_factor.test.js > Test3 for bus factor 
 ✓ test/npmhandler.test.ts > processPackage should return package metadata
 ✓ test/npmhandler.test.ts > processPackage should throw an error on fetch failure
 ✓ test/npmhandler.test.ts > getGitRepositoryUrl should handle valid Git URLs
 ✓ test/npmhandler.test.ts > getGitRepositoryUrl should return an empty string for missing URL
 ✓ test/npmhandler.test.ts > getGitRepositoryUrl should return an empty string for invalid URL
 ✓ test/urlhandler.test.ts > identify should return GitHub for GitHub URLs
 ✓ test/urlhandler.test.ts > identify should return NPM for NPM URLs
 ✓ test/urlhandler.test.ts > identify should return Not Found for unsupported URLs
 ✓ test/urlhandler.test.ts > handle should delegate GitHub URLs to gitAPIHandler
 ✓ test/urlhandler.test.ts > handle should delegate NPM URLs to npmHandler
 ✓ test/urlhandler.test.ts > handle should log error for unsupported URLs
 ✓ test/bus_factor.test.js > Test4 for bus factor 
 ✓ test/ramp_up.test.ts > Ramp Up Tests > Ramp Up Test for socket.io
 ✓ test/ramp_up.test.ts > Ramp Up Tests > Ramp Up Test for libvlc
 ✓ test/main.test.js > Main Program Tests > should read URLs from a file and process them correctly
 ✓ test/main.test.js > Main Program Tests > should exit if the GitHub token is invalid

 Test Files  10 passed (10)
      Tests  41 passed (41)
   Start at  23:14:50
   Duration  3.88s (transform 2.14s, setup 0ms, collect 6.61s, tests 350ms, environment 5.70s, prepare 2.15s)

 % Coverage report from istanbul

=============================== Coverage summary ===============================
Statements   : 76.71% ( 435/567 )
Branches     : 77.54% ( 183/236 )
Functions    : 79.6% ( 121/152 )
Lines        : 80.73% ( 415/514 )
================================================================================
